Loaded value [0xb9cb17b29e5109d2] @ address 0x00000016
Loaded value [0xfe38610da9581637] @ address 0x00002829
Loaded value [0x5282aa432ee47c70] @ address 0x00004fc8
Loaded value [0x1f51932a4e0a3c16] @ address 0x0000776b
Loaded value [0x3679b846637ce83d] @ address 0x00009f35
Loaded value [0x30504c316093685d] @ address 0x0000c6e2
Loaded value [0xdfdcd944ae3d6d26] @ address 0x0000eee7
Loaded value [0x86a82c1831258a3e] @ address 0x000016b3
Error reading memory address 0x00003efc
  Expected 0x65f745217c9d8903
  Actual 0x000000007c9d8903
